// Jest Snapshot v1, https://goo.gl/fbAQLP

exports[`<UnorderedList /> renders items 1`] = `
<ul
  className="css-dnluwy-UnorderedList e1udorkj0"
>
  <li
    className="css-8lg160"
  >
    First item
  </li>
  <li
    className="css-8lg160"
  >
    Second item
  </li>
  <li
    className="css-8lg160"
  >
    Third item
  </li>
</ul>
`;
