// Jest Snapshot v1, https://goo.gl/fbAQLP

exports[`<ProgressBar /> renders progress bar 1`] = `
<div
  className="css-13e9g95-ProgressWrapper e1u0vuor0"
>
  <div
    className="css-ureerz-ProgressInfo e1u0vuor1"
  >
    <div>
      <div
        className="css-1bqee8j-Badge-Badge e3hul5p0"
      >
        Uploading...
      </div>
    </div>
    <div>
      <span>
        10
        %
      </span>
    </div>
  </div>
  <div
    className="css-qmk895-ProgressCore e1u0vuor2"
  >
    <div
      aria-valuemax="100"
      aria-valuemin="0"
      aria-valuenow={10}
      className="css-o9hhfa-ProgressBar-ProgressBar e1u0vuor3"
      role="progressbar"
      style={
        Object {
          "width": "10%",
        }
      }
    />
  </div>
</div>
`;
