// Jest Snapshot v1, https://goo.gl/fbAQLP

exports[`<Break /> renders a break 1`] = `
.emotion-0 {
  margin: 5rem 0;
  text-align: center;
  position: relative;
}

.emotion-0::after {
  content: "";
  position: absolute;
  width: .2rem;
  height: .2rem;
  border-radius: 50%;
  background: #322439;
  bottom: 0;
  left: 50%;
  margin-bottom: 1rem;
  -webkit-transform: translateX(-50%);
  -ms-transform: translateX(-50%);
  transform: translateX(-50%);
  box-shadow: 1.6rem 0px 0px #322439,-1.6rem 0px 0px #322439;
}

<div
  className="emotion-0 emotion-1"
/>
`;
